?
cost: $0.00 • time: 00:00
cache 2532K/253K • out 68K • cost: $0.00 • time: 00:00
┌───────────────────────────────┬─────────────┬───────┬────────┬───────────────┐
│ Total for request             │ ≡ 2333K/194K│ ↗ 56K │ $11.39 │ ⏱ 20:17       │
├────┬─────────────┬────────────┼─────────────┼───────┼────────┼───────────────┤
│ 25 │ orchestrator│ opus-4-7   │ 162K/111    │    1K │  $0.37 │               │
│ 24 │ orchestrator│ opus-4-7   │ 161K/802    │    91 │  $0.26 │ TaskUpdate    │
│ 23 │ orchestrator│ opus-4-7   │ 157K/4K     │   520 │  $0.36 │               │
│ 22 │ orchestrator│ opus-4-7   │ 153K/3K     │    4K │  $0.61 │               │
│ 21 │ orchestrator│ opus-4-7   │ 152K/1K     │    3K │  $0.47 │               │
│ 20 │ orchestrator│ opus-4-7   │ 152K/655    │   147 │  $0.25 │ Read          │
│ 19 │ orchestrator│ opus-4-7   │ 144K/7K     │   440 │  $0.40 │               │
│ 18 │ orchestrator│ opus-4-7   │ 139K/4K     │    7K │  $0.89 │               │
│ 17 │ orchestrator│ opus-4-7   │ 126K/13K    │    2K │  $0.59 │               │
│ 16 │ orchestrator│ opus-4-7   │ 117K/9K     │   13K │  $1.34 │               │
│ 15 │ orchestrator│ opus-4-7   │ 114K/2K     │    7K │  $0.77 │               │
│ 14 │ orchestrator│ opus-4-7   │ 111K/2K     │    1K │  $0.30 │               │
│ 13 │ orchestrator│ opus-4-7   │ 108K/2K     │    2K │  $0.38 │               │
│ 12 │ orchestrator│ opus-4-7   │ 105K/2K     │   606 │  $0.26 │ TaskUpdate    │
│ 11 │ orchestrator│ opus-4-7   │ 103K/2K     │    2K │  $0.39 │               │
│ 10 │ orchestrator│ opus-4-7   │ 101K/2K     │    2K │  $0.38 │               │
│  9 │ orchestrator│ opus-4-7   │ 0/101K      │    1K │  $2.03 │               │
│  8 │ orchestrator│ opus-4-7   │ 86K/10K     │    2K │  $0.47 │               │
│  7 │ orchestrator│ opus-4-7   │ 71K/14K     │    3K │  $0.61 │               │
│  6 │ orchestrator│ opus-4-7   │ 63K/7K      │   423 │  $0.28 │ Read          │
└────┴─────────────┴────────────┴─────────────┴───────┴────────┴───────────────┘
Likely /compact triggered (cache shrunk)