?
time: 00:00 • cost: $0.00
cache 3007K/141K | out 62K | cost: $0.00 | time: 00:00
┌─────────────────────┬─────────────┬──────┬───────┬────────────────┐
│ Total for request   │ ≡ 2397K/73K │↗ 45K │ $8.40 │ ⏱ 49:45        │
├───┬──────┬──────────┼─────────────┼──────┼───────┼────────────────┤
│30 │ orch │ opus-4-7 │ 157K/1K     │   1K │ $0.40 │                │
│29 │ orch │ opus-4-7 │ 149K/8K     │  811 │ $0.45 │                │
│28 │ orch │ opus-4-7 │ 145K/3K     │   7K │ $0.83 │                │
│27 │ orch │ opus-4-7 │ 143K/1K     │   3K │ $0.52 │                │
│26 │ orch │ opus-4-7 │ 142K/1K     │   1K │ $0.34 │                │
│25 │ orch │ opus-4-7 │ 136K/5K     │  609 │ $0.36 │                │
│24 │ orch │ opus-4-7 │ 134K/2K     │   2K │ $0.42 │                │
│23 │ orch │ opus-4-7 │ 124K/9K     │   2K │ $0.55 │                │
│22 │ orch │ opus-4-7 │ 123K/1K     │   3K │ $0.49 │                │
│21 │ orch │ opus-4-7 │ 122K/462    │   1K │ $0.28 │                │
│20 │ orch │ opus-4-7 │ 122K/563    │  267 │ $0.21 │                │
│19 │ orch │ opus-4-7 │ 121K/485    │  504 │ $0.23 │                │
│18 │ orch │ opus-4-7 │ 112K/9K     │  445 │ $0.38 │                │
│17 │ orch │ opus-4-7 │ 107K/5K     │   9K │ $0.94 │                │
│16 │ orch │ opus-4-7 │ 101K/5K     │  806 │ $0.32 │                │
│15 │ orch │ opus-4-7 │ 96K/5K      │   3K │ $0.50 │                │
│14 │ orch │ opus-4-7 │ 94K/1K      │   1K │ $0.29 │                │
│13 │ orch │ opus-4-7 │ 87K/7K      │   1K │ $0.37 │                │
│12 │ orch │ opus-4-7 │ 86K/617     │   2K │ $0.33 │ Agent          │
│11 │ orch │ opus-4-7 │ 85K/1K      │  543 │ $0.20 │                │
└───┴──────┴──────────┴─────────────┴──────┴───────┴────────────────┘
⚠ Subagent#a09c2d1be526067ce cache lost · 5-min SendMessage gap